
> arzkaro@1.0.0 ios /Users/RohitKumar/Desktop/arzkaro
> expo run:ios

env: load .env
env: export EXPO_PUBLIC_SUPABASE_URL EXPO_PUBLIC_SUPABASE_ANON_KEY EXPO_PUBLIC_GOOGLE_IOS_CLIENT_ID EXPO_PUBLIC_GOOGLE_WEB_CLIENT_ID EXPO_PUBLIC_GOOGLE_ANDROID_CLIENT_ID EXPO_PUBLIC_RAZORPAY_KEY_ID RAZORPAY_KEY_SECRET
› Skipping dev server
[dotenv@17.2.3] injecting env (0) from .env -- tip: ⚙️  load multiple .env files with { path: ['.env.local', '.env'] }
[dotenv@17.2.3] injecting env (0) from .env -- tip: 🔄 add secrets lifecycle management: https://dotenvx.com/ops
› Planning build
› Executing react-native Pods/ReactNativeDependencies » [CP-User] [RNDeps] Replace React Native Dependencies for the right configuration, if needed
    Run script build phase '[CP-User] [Hermes] Replace Hermes for the right configuration, if needed' will be run during every build because it does not specify any outputs. To address this issue, either add output dependencies to the script phase, or configure it to run in every build by unchecking "Based on dependency analysis" in the script phase. (in target 'hermes-engine' from project 'Pods')
› Executing react-native Pods/hermes-engine » [CP-User] [Hermes] Replace Hermes for the right configuration, if needed
› Executing react-native Pods/React-Core-prebuilt » [CP-User] [RNDeps] Replace React Native Core for the right configuration, if needed
› Preparing Pods/React-cxxreact-React-cxxreact_privacy » ResourceBundle-React-cxxreact_privacy-React-cxxreact-Info.plist
› Preparing Pods/React-Core-React-Core_privacy » ResourceBundle-React-Core_privacy-React-Core-Info.plist
› Executing react-native Pods/React-RCTFBReactNativeSpec » [CP-User] [RN]Check FBReactNativeSpec
› Compiling arzkaro Pods/ReactCodegen » ComponentDescriptors.cpp
› Compiling @react-native-community/slider Pods/react-native-slider » RNCSliderShadowNode.cpp
› Compiling @react-native-community/slider Pods/react-native-slider » RNCSliderComponentView.mm
› Compiling arzkaro Pods/ReactCodegen » safeareacontextJSI-generated.cpp
› Compiling arzkaro Pods/ReactCodegen » safeareacontext-generated.mm
› Compiling arzkaro Pods/ReactCodegen » rnsvg-generated.mm
› Compiling arzkaro Pods/ReactCodegen » rnsvgJSI-generated.cpp
› Compiling arzkaro Pods/ReactCodegen » rnworkletsJSI-generated.cpp
› Compiling arzkaro Pods/ReactCodegen » rnscreensJSI-generated.cpp
› Compiling arzkaro Pods/ReactCodegen » rnworklets-generated.mm
› Compiling arzkaro Pods/ReactCodegen » rnscreens-generated.mm
› Compiling arzkaro Pods/ReactCodegen » rnreanimatedJSI-generated.cpp
› Compiling arzkaro Pods/ReactCodegen » rnreanimated-generated.mm
› Compiling arzkaro Pods/ReactCodegen » rnasyncstorageJSI-generated.cpp
› Compiling arzkaro Pods/ReactCodegen » rnasyncstorage-generated.mm
› Compiling arzkaro Pods/ReactCodegen » States.cpp
› Compiling arzkaro Pods/ReactCodegen » States.cpp
› Compiling arzkaro Pods/ReactCodegen » States.cpp
› Compiling arzkaro Pods/ReactCodegen » States.cpp
› Compiling arzkaro Pods/ReactCodegen » States.cpp
› Compiling arzkaro Pods/ReactCodegen » ShadowNodes.cpp
› Compiling arzkaro Pods/ReactCodegen » ShadowNodes.cpp
› Compiling arzkaro Pods/ReactCodegen » ShadowNodes.cpp
› Compiling arzkaro Pods/ReactCodegen » ShadowNodes.cpp
› Compiling arzkaro Pods/ReactCodegen » ShadowNodes.cpp
› Compiling arzkaro Pods/ReactCodegen » RNDateTimePickerCGenJSI-generated.cpp
› Compiling arzkaro Pods/ReactCodegen » RNDateTimePickerCGen-generated.mm
› Compiling arzkaro Pods/ReactCodegen » RCTUnstableModulesRequiringMainQueueSetupProvider.mm
› Compiling arzkaro Pods/ReactCodegen » RCTThirdPartyComponentsProvider.mm
› Compiling arzkaro Pods/ReactCodegen » RCTModulesConformingToProtocolsProvider.mm
› Compiling arzkaro Pods/ReactCodegen » RCTModuleProviders.mm
› Compiling arzkaro Pods/ReactCodegen » Props.cpp
› Compiling arzkaro Pods/ReactCodegen » Props.cpp
› Compiling arzkaro Pods/ReactCodegen » Props.cpp
› Compiling arzkaro Pods/ReactCodegen » Props.cpp
› Compiling arzkaro Pods/ReactCodegen » Props.cpp
› Compiling arzkaro Pods/ReactCodegen » EventEmitters.cpp
› Compiling arzkaro Pods/ReactCodegen » EventEmitters.cpp
› Compiling arzkaro Pods/ReactCodegen » EventEmitters.cpp
› Compiling arzkaro Pods/ReactCodegen » EventEmitters.cpp
› Compiling arzkaro Pods/ReactCodegen » EventEmitters.cpp
› Compiling arzkaro Pods/ReactCodegen » ComponentDescriptors.cpp
› Compiling arzkaro Pods/ReactCodegen » ComponentDescriptors.cpp
› Compiling arzkaro Pods/ReactCodegen » ComponentDescriptors.cpp
› Compiling arzkaro Pods/ReactCodegen » ComponentDescriptors.cpp
› Packaging arzkaro Pods/ReactCodegen » libReactCodegen.a
› Packaging @react-native-community/slider Pods/react-native-slider » libreact-native-slider.a
› Compiling react-native-worklets Pods/RNWorklets » WorkletsModule.mm
› Compiling react-native-screens Pods/RNScreens » RNSConversions.mm
› Compiling react-native-screens Pods/RNScreens » RNSBottomTabsShadowNode.cpp
› Compiling react-native-screens Pods/RNScreens » UIViewController+RNScreens.mm
› Compiling react-native-screens Pods/RNScreens » RNSTabsScreenViewController.mm
› Compiling react-native-screens Pods/RNScreens » RNSScreenShadowNode.cpp
› Compiling react-native-screens Pods/RNScreens » RNSConversions-BottomTabs.mm
› Compiling react-native-screens Pods/RNScreens » RNSBottomTabsScreenEventEmitter.mm
› Compiling react-native-safe-area-context Pods/react-native-safe-area-context » RNCSafeAreaViewState.cpp
› Compiling react-native-safe-area-context Pods/react-native-safe-area-context » RNCSafeAreaViewShadowNode.cpp
› Compiling react-native-safe-area-context Pods/react-native-safe-area-context » RNCSafeAreaViewComponentView.mm
› Compiling react-native-safe-area-context Pods/react-native-safe-area-context » RNCSafeAreaProviderComponentView.mm
› Compiling react-native-safe-area-context Pods/react-native-safe-area-context » RNCSafeAreaContext.mm
› Compiling arzkaro Pods/ReactAppDependencyProvider » RCTAppDependencyProvider.mm
› Compiling react-native-screens Pods/RNScreens » RNSTabBarControllerDelegate.mm
› Compiling react-native-screens Pods/RNScreens » RNSTabBarController.mm
› Packaging arzkaro Pods/ReactAppDependencyProvider » libReactAppDependencyProvider.a
› Packaging react-native-worklets Pods/RNWorklets » libRNWorklets.a
› Compiling react-native-screens Pods/RNScreens » RNSTabBarAppearanceCoordinator.mm
› Compiling react-native-screens Pods/RNScreens » RNSSplitViewScreenShadowNode.cpp
› Compiling react-native-screens Pods/RNScreens » RNSSearchBar.mm
› Compiling react-native-screens Pods/RNScreens » RNSScreenStackHeaderSubviewShadowNode.cpp
› Compiling react-native-screens Pods/RNScreens » RNSScreenStackHeaderSubview.mm
› Compiling react-native-screens Pods/RNScreens » RNSScreenStackHeaderConfigShadowNode.cpp
› Packaging react-native-safe-area-context Pods/react-native-safe-area-context » libreact-native-safe-area-context.a
› Compiling react-native-screens Pods/RNScreens » RNSScreenStackHeaderConfig.mm
› Compiling react-native-screens Pods/RNScreens » RNSScreenStack.mm
› Compiling react-native-screens Pods/RNScreens » RNSScreenNavigationContainer.mm
› Compiling react-native-screens Pods/RNScreens » RNSScreenFooter.mm
› Compiling react-native-screens Pods/RNScreens » RNSScreenContentWrapper.mm
› Compiling react-native-screens Pods/RNScreens » RNSScreenContainer.mm
› Compiling react-native-screens Pods/RNScreens » RNSScreen.mm
› Compiling react-native-screens Pods/RNScreens » RNSModule.mm
› Compiling react-native-screens Pods/RNScreens » RNSModalScreenShadowNode.cpp
› Compiling react-native-screens Pods/RNScreens » RNSModalScreen.mm
› Compiling react-native-screens Pods/RNScreens » RNSFullWindowOverlayShadowNode.cpp
› Compiling react-native-screens Pods/RNScreens » RNSFullWindowOverlay.mm
› Compiling react-native-screens Pods/RNScreens » RNSConvert.mm
› Compiling react-native-screens Pods/RNScreens » RNSConversions-SplitView.mm
› Compiling react-native-screens Pods/RNScreens » RNSConversions-Fabric.mm
› Compiling react-native-screens Pods/RNScreens » RNSBottomTabsScreenComponentView.mm
› Compiling react-native-screens Pods/RNScreens » RNSBottomTabsHostEventEmitter.mm
› Compiling react-native-screens Pods/RNScreens » RNSBottomTabsHostComponentView.mm
› Compiling react-native-screens Pods/RNScreens » RNSBottomTabsHostComponentView+RNSImageLoader.mm
› Compiling react-native-svg Pods/RNSVG » RNSVGUse.mm
› Compiling react-native-reanimated Pods/RNReanimated » SharedTransitions.cpp
› Compiling @react-native-community/datetimepicker Pods/RNDateTimePicker » ShadowNodes.cpp
› Compiling @react-native-async-storage/async-storage Pods/RNCAsyncStorage » RNCAsyncStorage.mm
› Preparing Pods/expo-dev-menu-EXDevMenu » ResourceBundle-EXDevMenu-expo-dev-menu-Info.plist
› Preparing Pods/RNCAsyncStorage-RNCAsyncStorage_resources » ResourceBundle-RNCAsyncStorage_resources-RNCAsyncStorage-Info.plist
› Preparing Pods/ExpoFileSystem-ExpoFileSystem_privacy » ResourceBundle-ExpoFileSystem_privacy-ExpoFileSystem-Info.plist
› Compiling @react-native-community/datetimepicker Pods/RNDateTimePicker » RNDateTimePickerComponentView.mm
› Packaging @react-native-async-storage/async-storage Pods/RNCAsyncStorage » libRNCAsyncStorage.a
› Preparing expo-constants Pods/EXConstants-EXConstants » ResourceBundle-EXConstants-EXConstants-Info.plist
› Preparing Pods/EXApplication-ExpoApplication_privacy » ResourceBundle-ExpoApplication_privacy-EXApplication-Info.plist
› Preparing Pods/EXConstants-ExpoConstants_privacy » ResourceBundle-ExpoConstants_privacy-EXConstants-Info.plist
› Executing expo-constants Pods/EXConstants » [CP-User] Generate app.config for prebuilt Constants.manifest
› Packaging react-native-screens Pods/RNScreens » libRNScreens.a
› Preparing Pods/expo-dev-launcher-EXDevLauncher » ResourceBundle-EXDevLauncher-expo-dev-launcher-Info.plist
› Preparing Pods/RNSVG-RNSVGFilters » ResourceBundle-RNSVGFilters-RNSVG-Info.plist
› Compiling react-native-svg Pods/RNSVG » RNSVGCircle.mm
› Packaging expo Pods/Expo » libExpo.a
› Compiling expo-dev-launcher Pods/expo-dev-launcher » EXDevLauncherController.m
› Packaging expo-dev-launcher Pods/expo-dev-launcher » libexpo-dev-launcher.a
› Compiling react-native-svg Pods/RNSVG » RNSVGNode.mm
› Compiling react-native-svg Pods/RNSVG » RNSVGPattern.mm
› Compiling react-native-svg Pods/RNSVG » RNSVGPath.mm
› Compiling react-native-svg Pods/RNSVG » RNSVGFeColorMatrix.mm
› Compiling react-native-svg Pods/RNSVG » RNSVGTextPath.mm
› Compiling react-native-svg Pods/RNSVG » RNSVGText.mm
› Compiling react-native-svg Pods/RNSVG » RNSVGTSpan.mm
› Packaging @react-native-community/datetimepicker Pods/RNDateTimePicker » libRNDateTimePicker.a
› Compiling react-native-svg Pods/RNSVG » RNSVGSymbol.mm
› Compiling react-native-svg Pods/RNSVG » RNSVGSvgViewModule.mm
› Compiling react-native-svg Pods/RNSVG » RNSVGSvgView.mm
› Compiling react-native-svg Pods/RNSVG » RNSVGShadowNodes.cpp
› Compiling react-native-svg Pods/RNSVG » RNSVGRenderableModule.mm
› Compiling react-native-svg Pods/RNSVG » RNSVGRect.mm
› Compiling react-native-svg Pods/RNSVG » RNSVGRadialGradient.mm
› Compiling react-native-svg Pods/RNSVG » RNSVGMask.mm
› Compiling react-native-svg Pods/RNSVG » RNSVGMarker.mm
› Compiling react-native-svg Pods/RNSVG » RNSVGLinearGradient.mm
› Compiling react-native-svg Pods/RNSVG » RNSVGLine.mm
› Compiling react-native-svg Pods/RNSVG » RNSVGImageShadowNode.cpp
› Compiling react-native-svg Pods/RNSVG » RNSVGImage.mm
› Compiling react-native-svg Pods/RNSVG » RNSVGGroup.mm
› Compiling react-native-svg Pods/RNSVG » RNSVGForeignObject.mm
› Compiling react-native-svg Pods/RNSVG » RNSVGFilterPrimitive.mm
› Compiling react-native-svg Pods/RNSVG » RNSVGFilter.mm
› Compiling react-native-svg Pods/RNSVG » RNSVGFeOffset.mm
› Compiling react-native-svg Pods/RNSVG » RNSVGFeMerge.mm
› Compiling react-native-svg Pods/RNSVG » RNSVGFeGaussianBlur.mm
› Compiling react-native-svg Pods/RNSVG » RNSVGFeFlood.mm
› Compiling react-native-svg Pods/RNSVG » RNSVGFeComposite.mm
› Compiling react-native-svg Pods/RNSVG » RNSVGFeBlend.mm
› Compiling react-native-svg Pods/RNSVG » RNSVGEllipse.mm
› Compiling react-native-svg Pods/RNSVG » RNSVGDefs.mm
› Compiling react-native-svg Pods/RNSVG » RNSVGConvert.mm
› Compiling react-native-svg Pods/RNSVG » RNSVGClipPath.mm
› Compiling react-native-reanimated Pods/RNReanimated » ReanimatedModule.mm
› Compiling react-native-reanimated Pods/RNReanimated » NativeProxy.mm
› Packaging react-native-svg Pods/RNSVG » libRNSVG.a
› Packaging react-native-reanimated Pods/RNReanimated » libRNReanimated.a
› Executing arzkaro » [Expo] Configure project
› Preparing arzkaro » Info.plist
› Copying   ./PrivacyInfo.xcprivacy ➜ ios/arzkaro/PrivacyInfo.xcprivacy
› Linking   arzkaro » arzkaro.debug.dylib
› Linking   arzkaro » arzkaro
› Executing arzkaro » Bundle React Native code and images
› Executing arzkaro » [CP] Copy Pods Resources
› Generating debug arzkaro » arzkaro.app.dSYM
› Generating debug arzkaro » arzkaro.app.dSYM
› Signing   arzkaro » arzkaro.debug.dylib
› Signing   arzkaro » __preview.dylib
› Signing   arzkaro » arzkaro.app
› Build Succeeded

› 0 error(s), and 1 warning(s)

[dotenv@17.2.3] injecting env (0) from .env -- tip: 🛠️  run anywhere with `dotenvx run -- yourcommand`
[dotenv@17.2.3] injecting env (0) from .env -- tip: ⚙️  load multiple .env files with { path: ['.env.local', '.env'] }
Waiting on http://localhost:8081
› Installing /Users/RohitKumar/Library/Developer/Xcode/DerivedData/arzkaro-cknhwuuxfbjtzddmxosystieahru/Build/Products/Debug-iphonesimulator/arzkaro.app
› Installing on iPhone 16e
› Opening on iPhone 16e (com.arzkaro.app)
› Opening exp+arzkaro://expo-development-client/?url=http%3A%2F%2F192.168.0.113%3A8081 on iPhone 16e
